﻿00:00 +0: loading C:/Users/lawco/Desktop/elephorapp/test/screens_test.dart
00:00 +0: Test screens
ÔòÉÔòÉÔòí EXCEPTION CAUGHT BY WIDGETS LIBRARY ÔòŞÔòÉÔòÉÔòÉÔòÉÔòÉÔòÉÔòÉÔòÉÔòÉÔòÉÔòÉÔòÉÔòÉÔòÉÔòÉÔòÉÔòÉÔòÉÔòÉÔòÉÔòÉÔòÉÔòÉÔòÉÔòÉÔòÉÔòÉÔòÉÔòÉÔòÉÔòÉÔòÉÔòÉÔòÉÔòÉÔòÉÔòÉÔòÉÔòÉÔòÉÔòÉÔòÉÔòÉÔòÉÔòÉÔòÉÔòÉÔòÉÔòÉÔòÉÔòÉÔòÉÔòÉÔòÉÔòÉÔòÉÔòÉÔòÉÔòÉ
The following LocaleDataException was thrown building GorevHomeScreen(dirty, dependencies:
[InheritedCupertinoTheme, _InheritedTheme, _LocalizationsScope-[GlobalKey#56ec1]]):
Locale data has not been initialized, call initializeDateFormatting(<locale>).

The relevant error-causing widget was:
  GorevHomeScreen
  GorevHomeScreen:file:///C:/Users/lawco/Desktop/elephorapp/test/screens_test.dart:27:53

When the exception was thrown, this was the stack:
#0      UninitializedLocaleData._throwException (package:intl/src/intl_helpers.dart:80:5)
#1      UninitializedLocaleData.containsKey (package:intl/src/intl_helpers.dart:74:7)
#2      DateFormat.localeExists (package:intl/src/intl/date_format.dart:902:28)
#3      verifiedLocale (package:intl/src/intl_helpers.dart:185:19)
#4      new DateFormat (package:intl/src/intl/date_format.dart:267:27)
#5      GorevHomeScreen.build (package:elephorapp/features/mini_apps/gorev/gorev_home_screen.dart:84:33)
#6      StatelessElement.build (package:flutter/src/widgets/framework.dart:5892:49)
#7      ComponentElement.performRebuild (package:flutter/src/widgets/framework.dart:5820:15)
#8      Element.rebuild (package:flutter/src/widgets/framework.dart:5532:7)
#9      ComponentElement._firstBuild (package:flutter/src/widgets/framework.dart:5802:5)
#10     ComponentElement.mount (package:flutter/src/widgets/framework.dart:5796:5)
#11     Element.inflateWidget (package:flutter/src/widgets/framework.dart:4590:20)
#12     Element.updateChild (package:flutter/src/widgets/framework.dart:4053:20)
#13     SingleChildRenderObjectElement.update (package:flutter/src/widgets/framework.dart:7125:14)
#14     Element.updateChild (package:flutter/src/widgets/framework.dart:4037:15)
#15     ComponentElement.performRebuild (package:flutter/src/widgets/framework.dart:5844:16)
#16     Element.rebuild (package:flutter/src/widgets/framework.dart:5532:7)
#17     StatelessElement.update (package:flutter/src/widgets/framework.dart:5898:5)
#18     Element.updateChild (package:flutter/src/widgets/framework.dart:4037:15)
#19     SingleChildRenderObjectElement.update (package:flutter/src/widgets/framework.dart:7125:14)
#20     Element.updateChild (package:flutter/src/widgets/framework.dart:4037:15)
#21     SingleChildRenderObjectElement.update (package:flutter/src/widgets/framework.dart:7125:14)
#22     Element.updateChild (package:flutter/src/widgets/framework.dart:4037:15)
#23     ComponentElement.performRebuild (package:flutter/src/widgets/framework.dart:5844:16)
#24     StatefulElement.performRebuild (package:flutter/src/widgets/framework.dart:5985:11)
#25     Element.rebuild (package:flutter/src/widgets/framework.dart:5532:7)
#26     StatefulElement.update (package:flutter/src/widgets/framework.dart:6010:5)
#27     Element.updateChild (package:flutter/src/widgets/framework.dart:4037:15)
#28     SingleChildRenderObjectElement.update (package:flutter/src/widgets/framework.dart:7125:14)
#29     Element.updateChild (package:flutter/src/widgets/framework.dart:4037:15)
#30     ComponentElement.performRebuild (package:flutter/src/widgets/framework.dart:5844:16)
#31     StatefulElement.performRebuild (package:flutter/src/widgets/framework.dart:5985:11)
#32     Element.rebuild (package:flutter/src/widgets/framework.dart:5532:7)
#33     StatefulElement.update (package:flutter/src/widgets/framework.dart:6010:5)
#34     Element.updateChild (package:flutter/src/widgets/framework.dart:4037:15)
#35     SingleChildRenderObjectElement.update (package:flutter/src/widgets/framework.dart:7125:14)
#36     Element.updateChild (package:flutter/src/widgets/framework.dart:4037:15)
#37     SingleChildRenderObjectElement.update (package:flutter/src/widgets/framework.dart:7125:14)
#38     Element.updateChild (package:flutter/src/widgets/framework.dart:4037:15)
#39     ComponentElement.performRebuild (package:flutter/src/widgets/framework.dart:5844:16)
#40     StatefulElement.performRebuild (package:flutter/src/widgets/framework.dart:5985:11)
#41     Element.rebuild (package:flutter/src/widgets/framework.dart:5532:7)
#42     StatefulElement.update (package:flutter/src/widgets/framework.dart:6010:5)
#43     Element.updateChild (package:flutter/src/widgets/framework.dart:4037:15)
#44     SingleChildRenderObjectElement.update (package:flutter/src/widgets/framework.dart:7125:14)
#45     Element.updateChild (package:flutter/src/widgets/framework.dart:4037:15)
#46     ComponentElement.performRebuild (package:flutter/src/widgets/framework.dart:5844:16)
#47     StatefulElement.performRebuild (package:flutter/src/widgets/framework.dart:5985:11)
#48     Element.rebuild (package:flutter/src/widgets/framework.dart:5532:7)
#49     StatefulElement.update (package:flutter/src/widgets/framework.dart:6010:5)
#50     Element.updateChild (package:flutter/src/widgets/framework.dart:4037:15)
#51     SingleChildRenderObjectElement.update (package:flutter/src/widgets/framework.dart:7125:14)
#52     Element.updateChild (package:flutter/src/widgets/framework.dart:4037:15)
#53     SingleChildRenderObjectElement.update (package:flutter/src/widgets/framework.dart:7125:14)
#54     Element.updateChild (package:flutter/src/widgets/framework.dart:4037:15)
#55     ComponentElement.performRebuild (package:flutter/src/widgets/framework.dart:5844:16)
#56     StatefulElement.performRebuild (package:flutter/src/widgets/framework.dart:5985:11)
#57     Element.rebuild (package:flutter/src/widgets/framework.dart:5532:7)
#58     StatefulElement.update (package:flutter/src/widgets/framework.dart:6010:5)
#59     Element.updateChild (package:flutter/src/widgets/framework.dart:4037:15)
#60     SingleChildRenderObjectElement.update (package:flutter/src/widgets/framework.dart:7125:14)
#61     Element.updateChild (package:flutter/src/widgets/framework.dart:4037:15)
#62     SingleChildRenderObjectElement.update (package:flutter/src/widgets/framework.dart:7125:14)
#63     Element.updateChild (package:flutter/src/widgets/framework.dart:4037:15)
#64     SingleChildRenderObjectElement.update (package:flutter/src/widgets/framework.dart:7125:14)
#65     Element.updateChild (package:flutter/src/widgets/framework.dart:4037:15)
#66     ComponentElement.performRebuild (package:flutter/src/widgets/framework.dart:5844:16)
#67     StatefulElement.performRebuild (package:flutter/src/widgets/framework.dart:5985:11)
#68     Element.rebuild (package:flutter/src/widgets/framework.dart:5532:7)
#69     StatefulElement.update (package:flutter/src/widgets/framework.dart:6010:5)
#70     Element.updateChild (package:flutter/src/widgets/framework.dart:4037:15)
#71     SingleChildRenderObjectElement.update (package:flutter/src/widgets/framework.dart:7125:14)
#72     Element.updateChild (package:flutter/src/widgets/framework.dart:4037:15)
#73     ComponentElement.performRebuild (package:flutter/src/widgets/framework.dart:5844:16)
#74     StatefulElement.performRebuild (package:flutter/src/widgets/framework.dart:5985:11)
#75     Element.rebuild (package:flutter/src/widgets/framework.dart:5532:7)
#76     StatefulElement.update (package:flutter/src/widgets/framework.dart:6010:5)
#77     Element.updateChild (package:flutter/src/widgets/framework.dart:4037:15)
#78     ComponentElement.performRebuild (package:flutter/src/widgets/framework.dart:5844:16)
#79     Element.rebuild (package:flutter/src/widgets/framework.dart:5532:7)
#80     StatelessElement.update (package:flutter/src/widgets/framework.dart:5898:5)
#81     Element.updateChild (package:flutter/src/widgets/framework.dart:4037:15)
#82     ComponentElement.performRebuild (package:flutter/src/widgets/framework.dart:5844:16)
#83     StatefulElement.performRebuild (package:flutter/src/widgets/framework.dart:5985:11)
#84     Element.rebuild (package:flutter/src/widgets/framework.dart:5532:7)
#85     StatefulElement.update (package:flutter/src/widgets/framework.dart:6010:5)
#86     Element.updateChild (package:flutter/src/widgets/framework.dart:4037:15)
#87     ComponentElement.performRebuild (package:flutter/src/widgets/framework.dart:5844:16)
#88     StatefulElement.performRebuild (package:flutter/src/widgets/framework.dart:5985:11)
#89     Element.rebuild (package:flutter/src/widgets/framework.dart:5532:7)
#90     StatefulElement.update (package:flutter/src/widgets/framework.dart:6010:5)
#91     Element.updateChild (package:flutter/src/widgets/framework.dart:4037:15)
#92     ComponentElement.performRebuild (package:flutter/src/widgets/framework.dart:5844:16)
#93     StatefulElement.performRebuild (package:flutter/src/widgets/framework.dart:5985:11)
#94     Element.rebuild (package:flutter/src/widgets/framework.dart:5532:7)
#95     StatefulElement.update (package:flutter/src/widgets/framework.dart:6010:5)
#96     Element.updateChild (package:flutter/src/widgets/framework.dart:4037:15)
#97     SingleChildRenderObjectElement.update (package:flutter/src/widgets/framework.dart:7125:14)
#98     Element.updateChild (package:flutter/src/widgets/framework.dart:4037:15)
#99     ComponentElement.performRebuild (package:flutter/src/widgets/framework.dart:5844:16)
#100    Element.rebuild (package:flutter/src/widgets/framework.dart:5532:7)
#101    ProxyElement.update (package:flutter/src/widgets/framework.dart:6152:5)
#102    _InheritedNotifierElement.update (package:flutter/src/widgets/inherited_notifier.dart:108:11)
#103    Element.updateChild (package:flutter/src/widgets/framework.dart:4037:15)
#104    SingleChildRenderObjectElement.update (package:flutter/src/widgets/framework.dart:7125:14)
#105    Element.updateChild (package:flutter/src/widgets/framework.dart:4037:15)
#106    ComponentElement.performRebuild (package:flutter/src/widgets/framework.dart:5844:16)
#107    StatefulElement.performRebuild (package:flutter/src/widgets/framework.dart:5985:11)
#108    Element.rebuild (package:flutter/src/widgets/framework.dart:5532:7)
#109    StatefulElement.update (package:flutter/src/widgets/framework.dart:6010:5)
#110    Element.updateChild (package:flutter/src/widgets/framework.dart:4037:15)
#111    ComponentElement.performRebuild (package:flutter/src/widgets/framework.dart:5844:16)
#112    Element.rebuild (package:flutter/src/widgets/framework.dart:5532:7)
#113    ProxyElement.update (package:flutter/src/widgets/framework.dart:6152:5)
#114    Element.updateChild (package:flutter/src/widgets/framework.dart:4037:15)
#115    ComponentElement.performRebuild (package:flutter/src/widgets/framework.dart:5844:16)
#116    Element.rebuild (package:flutter/src/widgets/framework.dart:5532:7)
#117    ProxyElement.update (package:flutter/src/widgets/framework.dart:6152:5)
#118    Element.updateChild (package:flutter/src/widgets/framework.dart:4037:15)
#119    ComponentElement.performRebuild (package:flutter/src/widgets/framework.dart:5844:16)
#120    StatefulElement.performRebuild (package:flutter/src/widgets/framework.dart:5985:11)
#121    Element.rebuild (package:flutter/src/widgets/framework.dart:5532:7)
#122    StatefulElement.update (package:flutter/src/widgets/framework.dart:6010:5)
#123    Element.updateChild (package:flutter/src/widgets/framework.dart:4037:15)
#124    ComponentElement.performRebuild (package:flutter/src/widgets/framework.dart:5844:16)
#125    Element.rebuild (package:flutter/src/widgets/framework.dart:5532:7)
#126    StatelessElement.update (package:flutter/src/widgets/framework.dart:5898:5)
#127    Element.updateChild (package:flutter/src/widgets/framework.dart:4037:15)
#128    ComponentElement.performRebuild (package:flutter/src/widgets/framework.dart:5844:16)
#129    Element.rebuild (package:flutter/src/widgets/framework.dart:5532:7)
#130    StatelessElement.update (package:flutter/src/widgets/framework.dart:5898:5)
#131    Element.updateChild (package:flutter/src/widgets/framework.dart:4037:15)
#132    SingleChildRenderObjectElement.update (package:flutter/src/widgets/framework.dart:7125:14)
#133    Element.updateChild (package:flutter/src/widgets/framework.dart:4037:15)
#134    ComponentElement.performRebuild (package:flutter/src/widgets/framework.dart:5844:16)
#135    Element.rebuild (package:flutter/src/widgets/framework.dart:5532:7)
#136    ProxyElement.update (package:flutter/src/widgets/framework.dart:6152:5)
#137    Element.updateChild (package:flutter/src/widgets/framework.dart:4037:15)
#138    ComponentElement.performRebuild (package:flutter/src/widgets/framework.dart:5844:16)
#139    Element.rebuild (package:flutter/src/widgets/framework.dart:5532:7)
#140    ProxyElement.update (package:flutter/src/widgets/framework.dart:6152:5)
#141    Element.updateChild (package:flutter/src/widgets/framework.dart:4037:15)
#142    ComponentElement.performRebuild (package:flutter/src/widgets/framework.dart:5844:16)
#143    StatefulElement.performRebuild (package:flutter/src/widgets/framework.dart:5985:11)
#144    Element.rebuild (package:flutter/src/widgets/framework.dart:5532:7)
#145    StatefulElement.update (package:flutter/src/widgets/framework.dart:6010:5)
#146    Element.updateChild (package:flutter/src/widgets/framework.dart:4037:15)
#147    ComponentElement.performRebuild (package:flutter/src/widgets/framework.dart:5844:16)
#148    StatefulElement.performRebuild (package:flutter/src/widgets/framework.dart:5985:11)
#149    Element.rebuild (package:flutter/src/widgets/framework.dart:5532:7)
#150    StatefulElement.update (package:flutter/src/widgets/framework.dart:6010:5)
#151    Element.updateChild (package:flutter/src/widgets/framework.dart:4037:15)
#152    ComponentElement.performRebuild (package:flutter/src/widgets/framework.dart:5844:16)
#153    StatefulElement.performRebuild (package:flutter/src/widgets/framework.dart:5985:11)
#154    Element.rebuild (package:flutter/src/widgets/framework.dart:5532:7)
#155    BuildScope._tryRebuild (package:flutter/src/widgets/framework.dart:2750:15)
#156    BuildScope._flushDirtyElements (package:flutter/src/widgets/framework.dart:2807:11)
#157    BuildOwner.buildScope (package:flutter/src/widgets/framework.dart:3111:18)
#158    AutomatedTestWidgetsFlutterBinding.drawFrame (package:flutter_test/src/binding.dart:1506:19)
#159    RendererBinding._handlePersistentFrameCallback (package:flutter/src/rendering/binding.dart:495:5)
#160    SchedulerBinding._invokeFrameCallback (package:flutter/src/scheduler/binding.dart:1434:15)
#161    SchedulerBinding.handleDrawFrame (package:flutter/src/scheduler/binding.dart:1347:9)
#162    AutomatedTestWidgetsFlutterBinding.pump.<anonymous closure> (package:flutter_test/src/binding.dart:1335:9)
#165    TestAsyncUtils.guard (package:flutter_test/src/test_async_utils.dart:74:41)
#166    AutomatedTestWidgetsFlutterBinding.pump (package:flutter_test/src/binding.dart:1324:27)
#167    WidgetTester.pumpWidget.<anonymous closure> (package:flutter_test/src/widget_tester.dart:598:22)
#170    TestAsyncUtils.guard (package:flutter_test/src/test_async_utils.dart:74:41)
#171    WidgetTester.pumpWidget (package:flutter_test/src/widget_tester.dart:595:27)
#172    main.<anonymous closure> (file:///C:/Users/lawco/Desktop/elephorapp/test/screens_test.dart:27:18)
<asynchronous suspension>
#173    testWidgets.<anonymous closure>.<anonymous closure> (package:flutter_test/src/widget_tester.dart:192:15)
<asynchronous suspension>
#174    TestWidgetsFlutterBinding._runTestBody (package:flutter_test/src/binding.dart:1059:5)
<asynchronous suspension>
<asynchronous suspension>
(elided 5 frames from dart:async and package:stack_trace)

ÔòÉÔòÉÔòÉÔòÉÔòÉÔòÉÔòÉÔòÉÔòÉÔòÉÔòÉÔòÉÔòÉÔòÉÔòÉÔòÉÔòÉÔòÉÔòÉÔòÉÔòÉÔòÉÔòÉÔòÉÔòÉÔòÉÔòÉÔòÉÔòÉÔòÉÔòÉÔòÉÔòÉÔòÉÔòÉÔòÉÔòÉÔòÉÔòÉÔòÉÔòÉÔòÉÔòÉÔòÉÔòÉÔòÉÔòÉÔòÉÔòÉÔòÉÔòÉÔòÉÔòÉÔòÉÔòÉÔòÉÔòÉÔòÉÔòÉÔòÉÔòÉÔòÉÔòÉÔòÉÔòÉÔòÉÔòÉÔòÉÔòÉÔòÉÔòÉÔòÉÔòÉÔòÉÔòÉÔòÉÔòÉÔòÉÔòÉÔòÉÔòÉÔòÉÔòÉÔòÉÔòÉÔòÉÔòÉÔòÉÔòÉÔòÉÔòÉÔòÉÔòÉÔòÉÔòÉÔòÉÔòÉÔòÉÔòÉÔòÉ
00:00 +0 -1: Test screens [E]
  Test failed. See exception logs above.
  The test description was: Test screens
  
00:00 +0 -1: Some tests failed.
